var1=val1
var2=val2
var3=val3
var4=val4

var5=val5
var6=val6
var7=val7
var8=val8

var9=val5
var10= val10
var11=val11 # this is not comment
var12=val12"

-- heredoc 1 --
this is a test
of heredoc
number 1

-- heredoc 2 --
    this is a test
    of heredoc
    number 2

-- heredoc 3 --
1
 2
  3
   4
    5
     6
      7

---------------
